2026-06-23 12:21:37 | INFO |  url is opening now
2026-06-23 12:21:37 | INFO | Password for reset process has filled
2026-06-23 12:21:42 | INFO | assertion successful, password reset process has completed
ase._sync.<locals>.<lambda>() at C:\Users\LAP-01\Desktop\Test_Folder\myenv\Lib\site-packages\playwright\_impl\_sync_base.py:111>
Traceback (most recent call last):
  File "C:\Program Files\Python314\Lib\asyncio\events.py", line 94, in _run
    self._context.run(self._callback, *self._args)
    ~~~~~~~~~~~~~~~~~^^^^^^^^^^^^^^^^^^^^^^^^^^^^^
  File "C:\Users\LAP-01\Desktop\Test_Folder\myenv\Lib\site-packages\playwright\_impl\_sync_base.py", line 111, in <lambda>
    task.add_done_callback(lambda _: g_self.switch())
                                     ~~~~~~~~~~~~~^^
  File "C:\Users\LAP-01\Desktop\Test_Folder\myenv\Lib\site-packages\playwright\_impl\_connection.py", line 472, in _listener_with_error_handler_attached
    potential_future = listener(params)
  File "C:\Users\LAP-01\Desktop\Test_Folder\myenv\Lib\site-packages\playwright\_impl\_browser_context.py", line 171, in <lambda>
    "dialog", lambda params: self._on_dialog(from_channel(params["dialog"]))
                             ~~~~~~~~~~~~~~~^^^^^^^^^^^^^^^^^^^^^^^^^^^^^^^^
  File "C:\Users\LAP-01\Desktop\Test_Folder\myenv\Lib\site-packages\playwright\_impl\_browser_context.py", line 679, in _on_dialog
    has_listeners = page.emit(Page.Events.Dialog, dialog) or has_listeners
                    ~~~~~~~~~^^^^^^^^^^^^^^^^^^^^^^^^^^^^
  File "C:\Users\LAP-01\Desktop\Test_Folder\myenv\Lib\site-packages\pyee\asyncio.py", line 70, in emit
    return super().emit(event, *args, **kwargs)
           ~~~~~~~~~~~~^^^^^^^^^^^^^^^^^^^^^^^^
  File "C:\Users\LAP-01\Desktop\Test_Folder\myenv\Lib\site-packages\pyee\base.py", line 220, in emit
    handled = self._call_handlers(event, args, kwargs)
  File "C:\Users\LAP-01\Desktop\Test_Folder\myenv\Lib\site-packages\pyee\base.py", line 196, in _call_handlers
    self._emit_run(f, args, kwargs)
    ~~~~~~~~~~~~~~^^^^^^^^^^^^^^^^^
  File "C:\Users\LAP-01\Desktop\Test_Folder\myenv\Lib\site-packages\pyee\asyncio.py", line 81, in _emit_run
    self.emit("error", exc)
    ~~~~~~~~~^^^^^^^^^^^^^^
  File "C:\Users\LAP-01\Desktop\Test_Folder\myenv\Lib\site-packages\pyee\asyncio.py", line 70, in emit
    return super().emit(event, *args, **kwargs)
           ~~~~~~~~~~~~^^^^^^^^^^^^^^^^^^^^^^^^
  File "C:\Users\LAP-01\Desktop\Test_Folder\myenv\Lib\site-packages\pyee\base.py", line 223, in emit
    self._emit_handle_potential_error(event, args[0] if args else None)
    ~~~~~~~~~~~~~~~~~~~~~~~~~~~~~~~~~^^^^^^^^^^^^^^^^^^^^^^^^^^^^^^^^^^
  File "C:\Users\LAP-01\Desktop\Test_Folder\myenv\Lib\site-packages\pyee\base.py", line 181, in _emit_handle_potential_error
    raise error
  File "C:\Users\LAP-01\Desktop\Test_Folder\myenv\Lib\site-packages\pyee\asyncio.py", line 79, in _emit_run
    coro: Any = f(*args, **kwargs)
                ~^^^^^^^^^^^^^^^^^
  File "C:\Users\LAP-01\Desktop\Test_Folder\myenv\Lib\site-packages\playwright\_impl\_impl_to_api_mapping.py", line 123, in wrapper_func
    return handler(
        *list(map(lambda a: self.from_maybe_impl(a), args))[:arg_count]
    )
  File "C:\Users\LAP-01\Desktop\Test_Folder\pages\popuppage.py", line 12, in <lambda>
    self.page.on("dialog",lambda dialog : dialog.dismiss())
                                          ~~~~~~~~~~~~~~^^
  File "C:\Users\LAP-01\Desktop\Test_Folder\myenv\Lib\site-packages\playwright\sync_api\_generated.py", line 7645, in dismiss
    return mapping.from_maybe_impl(self._sync(self._impl_obj.dismiss()))
                                   ~~~~~~~~~~^^^^^^^^^^^^^^^^^^^^^^^^^^
  File "C:\Users\LAP-01\Desktop\Test_Folder\myenv\Lib\site-packages\playwright\_impl\_sync_base.py", line 115, in _sync
    return task.result()
           ~~~~~~~~~~~^^
  File "C:\Users\LAP-01\Desktop\Test_Folder\myenv\Lib\site-packages\playwright\_impl\_dialog.py", line 56, in dismiss
    await self._channel.send(
    ...<2 lines>...
    )
  File "C:\Users\LAP-01\Desktop\Test_Folder\myenv\Lib\site-packages\playwright\_impl\_connection.py", line 69, in send
    return await self._connection.wrap_api_call(
           ^^^^^^^^^^^^^^^^^^^^^^^^^^^^^^^^^^^^^
    ...<3 lines>...
    )
    ^
  File "C:\Users\LAP-01\Desktop\Test_Folder\myenv\Lib\site-packages\playwright\_impl\_connection.py", line 559, in wrap_api_call
    raise rewrite_error(error, f"{parsed_st['apiName']}: {error}") from None
playwright._impl._errors.Error: Dialog.dismiss: Cannot dismiss dialog which is already handled!
